
Discarded input sections

 .group         0x00000000       0x10 release\s3eTapjoy_platform.os
 .group         0x00000000       0x10 release\s3eTapjoy_platform.os
 .group         0x00000000       0x10 release\s3eTapjoy_platform.os
 .group         0x00000000       0x10 release\s3eTapjoy_platform.os
 .text          0x00000000        0x0 release\s3eTapjoy_platform.os
 .data          0x00000000        0x0 release\s3eTapjoy_platform.os
 .ARM.extab.text._Z27s3eTapjoyTerminate_platformv
                0x00000000        0x0 release\s3eTapjoy_platform.os
 .ARM.extab.text._Z29TapjoyGetFeaturedApp_platformPFiP26TapjoyGetFeaturedAppResultPvES1_
                0x00000000        0x0 release\s3eTapjoy_platform.os
 .ARM.extab.text._ZL19FeaturedAppCallbackP7_JNIEnvP8_jobjectS2_
                0x00000000        0x0 release\s3eTapjoy_platform.os
 .ARM.extab.text._ZL22AwardTapPointsCallbackP7_JNIEnvP8_jobjecti
                0x00000000        0x0 release\s3eTapjoy_platform.os
 .ARM.extab.text._ZL22SpendTapPointsCallbackP7_JNIEnvP8_jobjecti
                0x00000000        0x0 release\s3eTapjoy_platform.os
 .ARM.extab.text._ZL20GetTapPointsCallbackP7_JNIEnvP8_jobjecti
                0x00000000        0x0 release\s3eTapjoy_platform.os
 .ARM.extab.text._ZL27s3eEdkAndroidFindClass_realPKc
                0x00000000        0x0 release\s3eTapjoy_platform.os
 .ARM.extab.text._Z31TapjoySetDisplayAdView_platformiiii
                0x00000000        0x0 release\s3eTapjoy_platform.os
 .ARM.extab.text._Z27TapjoyGetDisplayAd_platformPKchPFiP24TapjoyGetDisplayAdResultPvES3_
                0x00000000        0x0 release\s3eTapjoy_platform.os
 .ARM.extab.text._Z29TapjoyAwardTapPoints_platformiPFiP26TapjoyAwardTapPointsResultPvES1_
                0x00000000        0x0 release\s3eTapjoy_platform.os
 .ARM.extab.text._Z29TapjoySpendTapPoints_platformiPFiP26TapjoySpendTapPointsResultPvES1_
                0x00000000        0x0 release\s3eTapjoy_platform.os
 .ARM.extab.text._Z27TapjoyGetTapPoints_platformPFiP24TapjoyGetTapPointsResultPvES1_
                0x00000000        0x0 release\s3eTapjoy_platform.os
 .ARM.extab.text._Z22s3eTapjoyInit_platformv
                0x00000000        0x0 release\s3eTapjoy_platform.os
 .ARM.extab.text._Z34TapjoySetUserDefinedColor_platformi
                0x00000000        0x0 release\s3eTapjoy_platform.os
 .ARM.extab.text._Z35TapjoySetOffersNavBarImage_platformPKc
                0x00000000        0x0 release\s3eTapjoy_platform.os
 .ARM.extab.text._Z34TapjoySetTransitionEffect_platformi
                0x00000000        0x0 release\s3eTapjoy_platform.os
 .ARM.extab.text._Z41TapjoySetFeaturedAppDisplayCount_platformi
                0x00000000        0x0 release\s3eTapjoy_platform.os
 .ARM.extab.text._Z42TapjoyShowFeaturedAppFullScreenAd_platformv
                0x00000000        0x0 release\s3eTapjoy_platform.os
 .ARM.extab.text._Z31TapjoyShowVirtualGoods_platformv
                0x00000000        0x0 release\s3eTapjoy_platform.os
 .ARM.extab.text._Z38TapjoyShowOffersWithCurrenyID_platformPKch
                0x00000000        0x0 release\s3eTapjoy_platform.os
 .ARM.extab.text._Z25TapjoyShowOffers_platformv
                0x00000000        0x0 release\s3eTapjoy_platform.os
 .ARM.extab.text._Z24TapjoySetUserID_platformPKc
                0x00000000        0x0 release\s3eTapjoy_platform.os
 .ARM.extab.text._Z29TapjoyActionComplete_platformPKc
                0x00000000        0x0 release\s3eTapjoy_platform.os
 .ARM.extab.text._Z29TapjoyRequestConnect_platformPKcS0_
                0x00000000        0x0 release\s3eTapjoy_platform.os
 .text._Z28s3eTapjoyUnRegister_platform17s3eTapjoyCallbackPFiPvS0_E
                0x00000000       0x54 release\s3eTapjoy_platform.os
 .ARM.extab.text._Z28s3eTapjoyUnRegister_platform17s3eTapjoyCallbackPFiPvS0_E
                0x00000000        0x0 release\s3eTapjoy_platform.os
 .ARM.exidx.text._Z28s3eTapjoyUnRegister_platform17s3eTapjoyCallbackPFiPvS0_E
                0x00000000        0x8 release\s3eTapjoy_platform.os
 .text._Z26s3eTapjoyRegister_platform17s3eTapjoyCallbackPFiPvS0_ES0_
                0x00000000       0x54 release\s3eTapjoy_platform.os
 .ARM.extab.text._Z26s3eTapjoyRegister_platform17s3eTapjoyCallbackPFiPvS0_ES0_
                0x00000000        0x0 release\s3eTapjoy_platform.os
 .ARM.exidx.text._Z26s3eTapjoyRegister_platform17s3eTapjoyCallbackPFiPvS0_ES0_
                0x00000000        0x8 release\s3eTapjoy_platform.os
 .ARM.extab.text._Z31TapjoyGetAvailableItem_platformi
                0x00000000        0x0 release\s3eTapjoy_platform.os
 .ARM.extab.text._Z31TapjoyGetPurchasedItem_platformi
                0x00000000        0x0 release\s3eTapjoy_platform.os
 .note.GNU-stack
                0x00000000        0x0 release\s3eTapjoy_platform.os
 .text          0x00000000        0x0 release\s3eTapjoy.os
 .data          0x00000000        0x0 release\s3eTapjoy.os
 .bss           0x00000000        0x0 release\s3eTapjoy.os
 .note.GNU-stack
                0x00000000        0x0 release\s3eTapjoy.os
 .text          0x00000000        0x0 release\s3eTapjoy_register.os
 .data          0x00000000        0x0 release\s3eTapjoy_register.os
 .bss           0x00000000        0x0 release\s3eTapjoy_register.os
 .ARM.extab.text.s3eTapjoyGetErrorString
                0x00000000        0x0 release\s3eTapjoy_register.os
 .text._Z20s3eTapjoyRegisterExtv
                0x00000000      0x178 release\s3eTapjoy_register.os
 .ARM.extab.text._Z20s3eTapjoyRegisterExtv
                0x00000000        0x0 release\s3eTapjoy_register.os
 .ARM.exidx.text._Z20s3eTapjoyRegisterExtv
                0x00000000        0x8 release\s3eTapjoy_register.os
 .ARM.extab.text.s3eTapjoyUnRegister
                0x00000000        0x0 release\s3eTapjoy_register.os
 .ARM.extab.text.s3eTapjoyRegister
                0x00000000        0x0 release\s3eTapjoy_register.os
 .ARM.extab.text.RegisterExt
                0x00000000        0x0 release\s3eTapjoy_register.os
 .note.GNU-stack
                0x00000000        0x0 release\s3eTapjoy_register.os

Memory Configuration

Name             Origin             Length             Attributes
*default*        0x00000000         0xffffffff

Linker script and memory map

LOAD release\s3eTapjoy_platform.os
LOAD release\s3eTapjoy.os
LOAD release\s3eTapjoy_register.os
LOAD C:\dev\sdk\5.0\s3e\edk\lib\android\libedkcore.a
LOAD C:\dev\sdk\5.0\s3e\edk\lib\android/libplaceholderplaceholderplaceholderplaceholderplaceholder.so
LOAD C:\dev\sdk\5.0\platform_libs\android\arch-arm\usr\lib/libc.so
LOAD C:\dev\sdk\5.0\platform_libs\android\arch-arm\usr\lib/libm.so
LOAD C:\dev\sdk\5.0\platform_libs\android\arch-arm\usr\lib/liblog.so
LOAD C:\dev\sdk\5.0\platform_libs\android\arch-arm\usr\lib/libstdc++.so
                0x000000d4                . = (0x0 + SIZEOF_HEADERS)

.note.gnu.build-id
 *(.note.gnu.build-id)

.hash           0x000000d4       0xac
 *(.hash)
 .hash          0x000000d4       0xac release\s3eTapjoy_platform.os

.gnu.hash
 *(.gnu.hash)

.dynsym         0x00000180      0x180
 *(.dynsym)
 .dynsym        0x00000180      0x180 release\s3eTapjoy_platform.os

.dynstr         0x00000300      0x16e
 *(.dynstr)
 .dynstr        0x00000300      0x16e release\s3eTapjoy_platform.os

.gnu.version    0x0000046e        0x0
 *(.gnu.version)
 .gnu.version   0x00000000        0x0 release\s3eTapjoy_platform.os

.gnu.version_d  0x00000470        0x0 load address 0x0000046e
 *(.gnu.version_d)
 .gnu.version_d
                0x00000000        0x0 release\s3eTapjoy_platform.os

.gnu.version_r  0x00000470        0x0 load address 0x0000046e
 *(.gnu.version_r)
 .gnu.version_r
                0x00000000        0x0 release\s3eTapjoy_platform.os

.rel.dyn        0x00000470      0x2d8
 *(.rel.init)
 *(.rel.text .rel.text.* .rel.gnu.linkonce.t.*)
 .rel.text._Z29TapjoyGetFeaturedApp_platformPFiP26TapjoyGetFeaturedAppResultPvES1_
                0x00000470        0x8 release\s3eTapjoy_platform.os
 .rel.text._Z31TapjoySetDisplayAdView_platformiiii
                0x00000478        0x8 release\s3eTapjoy_platform.os
 .rel.text._Z27TapjoyGetDisplayAd_platformPKchPFiP24TapjoyGetDisplayAdResultPvES3_
                0x00000480        0x8 release\s3eTapjoy_platform.os
 .rel.text._Z29TapjoyAwardTapPoints_platformiPFiP26TapjoyAwardTapPointsResultPvES1_
                0x00000488        0x8 release\s3eTapjoy_platform.os
 .rel.text._Z29TapjoySpendTapPoints_platformiPFiP26TapjoySpendTapPointsResultPvES1_
                0x00000490        0x8 release\s3eTapjoy_platform.os
 .rel.text._Z27TapjoyGetTapPoints_platformPFiP24TapjoyGetTapPointsResultPvES1_
                0x00000498        0x8 release\s3eTapjoy_platform.os
 .rel.text._Z22s3eTapjoyInit_platformv
                0x000004a0      0x110 release\s3eTapjoy_platform.os
 .rel.text._Z34TapjoySetUserDefinedColor_platformi
                0x000005b0        0x8 release\s3eTapjoy_platform.os
 .rel.text._Z35TapjoySetOffersNavBarImage_platformPKc
                0x000005b8        0x8 release\s3eTapjoy_platform.os
 .rel.text._Z34TapjoySetTransitionEffect_platformi
                0x000005c0        0x8 release\s3eTapjoy_platform.os
 .rel.text._Z41TapjoySetFeaturedAppDisplayCount_platformi
                0x000005c8        0x8 release\s3eTapjoy_platform.os
 .rel.text._Z42TapjoyShowFeaturedAppFullScreenAd_platformv
                0x000005d0        0x8 release\s3eTapjoy_platform.os
 .rel.text._Z31TapjoyShowVirtualGoods_platformv
                0x000005d8        0x8 release\s3eTapjoy_platform.os
 .rel.text._Z38TapjoyShowOffersWithCurrenyID_platformPKch
                0x000005e0        0x8 release\s3eTapjoy_platform.os
 .rel.text._Z25TapjoyShowOffers_platformv
                0x000005e8        0x8 release\s3eTapjoy_platform.os
 .rel.text._Z24TapjoySetUserID_platformPKc
                0x000005f0        0x8 release\s3eTapjoy_platform.os
 .rel.text._Z29TapjoyActionComplete_platformPKc
                0x000005f8        0x8 release\s3eTapjoy_platform.os
 .rel.text._Z29TapjoyRequestConnect_platformPKcS0_
                0x00000600        0x8 release\s3eTapjoy_platform.os
 .rel.text._Z28s3eTapjoyUnRegister_platform17s3eTapjoyCallbackPFiPvS0_E
                0x00000000        0x0 release\s3eTapjoy_platform.os
 .rel.text._Z26s3eTapjoyRegister_platform17s3eTapjoyCallbackPFiPvS0_ES0_
                0x00000000        0x0 release\s3eTapjoy_platform.os
 .rel.text._Z31TapjoyGetAvailableItem_platformi
                0x00000608        0x8 release\s3eTapjoy_platform.os
 .rel.text._Z31TapjoyGetPurchasedItem_platformi
                0x00000610        0x8 release\s3eTapjoy_platform.os
 .rel.text._Z20s3eTapjoyRegisterExtv
                0x00000000        0x0 release\s3eTapjoy_platform.os
 .rel.text.RegisterExt
                0x00000618       0xd0 release\s3eTapjoy_platform.os
 *(.rel.fini)
 *(.rel.rodata .rel.rodata.* .rel.gnu.linkonce.r.*)
 .rel.rodata    0x000006e8       0x60 release\s3eTapjoy_platform.os
 *(.rel.data.rel.ro* .rel.gnu.linkonce.d.rel.ro.*)
 *(.rel.data .rel.data.* .rel.gnu.linkonce.d.*)
 *(.rel.tdata .rel.tdata.* .rel.gnu.linkonce.td.*)
 *(.rel.tbss .rel.tbss.* .rel.gnu.linkonce.tb.*)
 *(.rel.ctors)
 *(.rel.dtors)
 *(.rel.got)
 .rel.got       0x00000000        0x0 release\s3eTapjoy_platform.os
 *(.rel.bss .rel.bss.* .rel.gnu.linkonce.b.*)
 *(.rel.ifunc)

.rela.dyn
 *(.rela.init)
 *(.rela.text .rela.text.* .rela.gnu.linkonce.t.*)
 *(.rela.fini)
 *(.rela.rodata .rela.rodata.* .rela.gnu.linkonce.r.*)
 *(.rela.data .rela.data.* .rela.gnu.linkonce.d.*)
 *(.rela.tdata .rela.tdata.* .rela.gnu.linkonce.td.*)
 *(.rela.tbss .rela.tbss.* .rela.gnu.linkonce.tb.*)
 *(.rela.ctors)
 *(.rela.dtors)
 *(.rela.got)
 *(.rela.bss .rela.bss.* .rela.gnu.linkonce.b.*)
 *(.rela.ifunc)

.rel.plt        0x00000748       0x40
 *(.rel.plt)
 .rel.plt       0x00000748       0x40 release\s3eTapjoy_platform.os
 *(.rel.iplt)

.rela.plt
 *(.rela.plt)
 *(.rela.iplt)

.init
 *(.init)

.plt            0x00000788       0x74
 *(.plt)
 .plt           0x00000788       0x74 release\s3eTapjoy_platform.os
 *(.iplt)

.text           0x000007fc     0x12ac
 *(.text .stub .text.* .gnu.linkonce.t.*)
 .text._ZN7_JNIEnv11GetMethodIDEP7_jclassPKcS3_
                0x000007fc       0x1c release\s3eTapjoy_platform.os
                0x000007fc                _JNIEnv::GetMethodID(_jclass*, char const*, char const*)
 .text._Z27s3eTapjoyTerminate_platformv
                0x00000818        0x4 release\s3eTapjoy_platform.os
                0x00000818                s3eTapjoyTerminate_platform()
 .text._ZN7_JNIEnv13CallIntMethodEP8_jobjectP10_jmethodIDz
                0x0000081c       0x38 release\s3eTapjoy_platform.os
                0x0000081c                _JNIEnv::CallIntMethod(_jobject*, _jmethodID*, ...)
 .text._ZN7_JNIEnv14CallVoidMethodEP8_jobjectP10_jmethodIDz
                0x00000854       0x38 release\s3eTapjoy_platform.os
                0x00000854                _JNIEnv::CallVoidMethod(_jobject*, _jmethodID*, ...)
 .text._ZN7_JNIEnv9NewObjectEP7_jclassP10_jmethodIDz
                0x0000088c       0x38 release\s3eTapjoy_platform.os
                0x0000088c                _JNIEnv::NewObject(_jclass*, _jmethodID*, ...)
 .text._Z29TapjoyGetFeaturedApp_platformPFiP26TapjoyGetFeaturedAppResultPvES1_
                0x000008c4       0x78 release\s3eTapjoy_platform.os
                0x000008c4                TapjoyGetFeaturedApp_platform(int (*)(TapjoyGetFeaturedAppResult*, void*), void*)
 .text._ZL19FeaturedAppCallbackP7_JNIEnvP8_jobjectS2_
                0x0000093c       0x44 release\s3eTapjoy_platform.os
 .text._ZL22AwardTapPointsCallbackP7_JNIEnvP8_jobjecti
                0x00000980       0x48 release\s3eTapjoy_platform.os
 .text._ZL22SpendTapPointsCallbackP7_JNIEnvP8_jobjecti
                0x000009c8       0x48 release\s3eTapjoy_platform.os
 .text._ZL20GetTapPointsCallbackP7_JNIEnvP8_jobjecti
                0x00000a10       0x44 release\s3eTapjoy_platform.os
 .text._ZL27s3eEdkAndroidFindClass_realPKc
                0x00000a54       0x5c release\s3eTapjoy_platform.os
 .text._Z31TapjoySetDisplayAdView_platformiiii
                0x00000ab0       0x74 release\s3eTapjoy_platform.os
                0x00000ab0                TapjoySetDisplayAdView_platform(int, int, int, int)
 .text._Z27TapjoyGetDisplayAd_platformPKchPFiP24TapjoyGetDisplayAdResultPvES3_
                0x00000b24       0x80 release\s3eTapjoy_platform.os
                0x00000b24                TapjoyGetDisplayAd_platform(char const*, unsigned char, int (*)(TapjoyGetDisplayAdResult*, void*), void*)
 .text._Z29TapjoyAwardTapPoints_platformiPFiP26TapjoyAwardTapPointsResultPvES1_
                0x00000ba4       0x84 release\s3eTapjoy_platform.os
                0x00000ba4                TapjoyAwardTapPoints_platform(int, int (*)(TapjoyAwardTapPointsResult*, void*), void*)
 .text._Z29TapjoySpendTapPoints_platformiPFiP26TapjoySpendTapPointsResultPvES1_
                0x00000c28       0x84 release\s3eTapjoy_platform.os
                0x00000c28                TapjoySpendTapPoints_platform(int, int (*)(TapjoySpendTapPointsResult*, void*), void*)
 .text._Z27TapjoyGetTapPoints_platformPFiP24TapjoyGetTapPointsResultPvES1_
                0x00000cac       0x7c release\s3eTapjoy_platform.os
                0x00000cac                TapjoyGetTapPoints_platform(int (*)(TapjoyGetTapPointsResult*, void*), void*)
 .text._Z22s3eTapjoyInit_platformv
                0x00000d28      0x4d8 release\s3eTapjoy_platform.os
                0x00000d28                s3eTapjoyInit_platform()
 .text._Z34TapjoySetUserDefinedColor_platformi
                0x00001200       0x5c release\s3eTapjoy_platform.os
                0x00001200                TapjoySetUserDefinedColor_platform(int)
 .text._Z35TapjoySetOffersNavBarImage_platformPKc
                0x0000125c       0x78 release\s3eTapjoy_platform.os
                0x0000125c                TapjoySetOffersNavBarImage_platform(char const*)
 .text._Z34TapjoySetTransitionEffect_platformi
                0x000012d4       0x5c release\s3eTapjoy_platform.os
                0x000012d4                TapjoySetTransitionEffect_platform(int)
 .text._Z41TapjoySetFeaturedAppDisplayCount_platformi
                0x00001330       0x5c release\s3eTapjoy_platform.os
                0x00001330                TapjoySetFeaturedAppDisplayCount_platform(int)
 .text._Z42TapjoyShowFeaturedAppFullScreenAd_platformv
                0x0000138c       0x54 release\s3eTapjoy_platform.os
                0x0000138c                TapjoyShowFeaturedAppFullScreenAd_platform()
 .text._Z31TapjoyShowVirtualGoods_platformv
                0x000013e0       0x54 release\s3eTapjoy_platform.os
                0x000013e0                TapjoyShowVirtualGoods_platform()
 .text._Z38TapjoyShowOffersWithCurrenyID_platformPKch
                0x00001434       0x80 release\s3eTapjoy_platform.os
                0x00001434                TapjoyShowOffersWithCurrenyID_platform(char const*, unsigned char)
 .text._Z25TapjoyShowOffers_platformv
                0x000014b4       0x54 release\s3eTapjoy_platform.os
                0x000014b4                TapjoyShowOffers_platform()
 .text._Z24TapjoySetUserID_platformPKc
                0x00001508       0x78 release\s3eTapjoy_platform.os
                0x00001508                TapjoySetUserID_platform(char const*)
 .text._Z29TapjoyActionComplete_platformPKc
                0x00001580       0x78 release\s3eTapjoy_platform.os
                0x00001580                TapjoyActionComplete_platform(char const*)
 .text._Z29TapjoyRequestConnect_platformPKcS0_
                0x000015f8       0x9c release\s3eTapjoy_platform.os
                0x000015f8                TapjoyRequestConnect_platform(char const*, char const*)
 .text._Z31TapjoyGetAvailableItem_platformi
                0x00001694       0x60 release\s3eTapjoy_platform.os
                0x00001694                TapjoyGetAvailableItem_platform(int)
 .text._Z31TapjoyGetPurchasedItem_platformi
                0x000016f4       0x60 release\s3eTapjoy_platform.os
                0x000016f4                TapjoyGetPurchasedItem_platform(int)
 .text.TapjoySetDisplayAdView
                0x00001754       0x10 release\s3eTapjoy.os
                0x00001754                TapjoySetDisplayAdView
 .text.TapjoyGetDisplayAd
                0x00001764       0x10 release\s3eTapjoy.os
                0x00001764                TapjoyGetDisplayAd
 .text.TapjoySetUserDefinedColor
                0x00001774       0x10 release\s3eTapjoy.os
                0x00001774                TapjoySetUserDefinedColor
 .text.TapjoySetOffersNavBarImage
                0x00001784       0x10 release\s3eTapjoy.os
                0x00001784                TapjoySetOffersNavBarImage
 .text.TapjoySetTransitionEffect
                0x00001794       0x10 release\s3eTapjoy.os
                0x00001794                TapjoySetTransitionEffect
 .text.TapjoySetFeaturedAppDisplayCount
                0x000017a4       0x10 release\s3eTapjoy.os
                0x000017a4                TapjoySetFeaturedAppDisplayCount
 .text.TapjoyShowFeaturedAppFullScreenAd
                0x000017b4       0x10 release\s3eTapjoy.os
                0x000017b4                TapjoyShowFeaturedAppFullScreenAd
 .text.TapjoyGetFeaturedApp
                0x000017c4       0x10 release\s3eTapjoy.os
                0x000017c4                TapjoyGetFeaturedApp
 .text.TapjoyGetAvailableItem
                0x000017d4       0x10 release\s3eTapjoy.os
                0x000017d4                TapjoyGetAvailableItem
 .text.TapjoyGetPurchasedItem
                0x000017e4       0x10 release\s3eTapjoy.os
                0x000017e4                TapjoyGetPurchasedItem
 .text.TapjoyShowVirtualGoods
                0x000017f4       0x10 release\s3eTapjoy.os
                0x000017f4                TapjoyShowVirtualGoods
 .text.TapjoyAwardTapPoints
                0x00001804       0x10 release\s3eTapjoy.os
                0x00001804                TapjoyAwardTapPoints
 .text.TapjoySpendTapPoints
                0x00001814       0x10 release\s3eTapjoy.os
                0x00001814                TapjoySpendTapPoints
 .text.TapjoyGetTapPoints
                0x00001824       0x10 release\s3eTapjoy.os
                0x00001824                TapjoyGetTapPoints
 .text.TapjoyShowOffersWithCurrenyID
                0x00001834       0x10 release\s3eTapjoy.os
                0x00001834                TapjoyShowOffersWithCurrenyID
 .text.TapjoyShowOffers
                0x00001844       0x10 release\s3eTapjoy.os
                0x00001844                TapjoyShowOffers
 .text.TapjoySetUserID
                0x00001854       0x10 release\s3eTapjoy.os
                0x00001854                TapjoySetUserID
 .text.TapjoyActionComplete
                0x00001864       0x10 release\s3eTapjoy.os
                0x00001864                TapjoyActionComplete
 .text.TapjoyRequestConnect
                0x00001874       0x10 release\s3eTapjoy.os
                0x00001874                TapjoyRequestConnect
 .text._Z18s3eTapjoyTerminatev
                0x00001884       0x10 release\s3eTapjoy.os
                0x00001884                s3eTapjoyTerminate()
 .text._Z13s3eTapjoyInitv
                0x00001894       0x10 release\s3eTapjoy.os
                0x00001894                s3eTapjoyInit()
 .text.s3eTapjoyGetErrorString
                0x000018a4        0x8 release\s3eTapjoy_register.os
                0x000018a4                s3eTapjoyGetErrorString
 .text.s3eTapjoyUnRegister
                0x000018ac       0x34 release\s3eTapjoy_register.os
                0x000018ac                s3eTapjoyUnRegister
 .text.s3eTapjoyRegister
                0x000018e0       0x38 release\s3eTapjoy_register.os
                0x000018e0                s3eTapjoyRegister
 .text.s3eTapjoyGetError
                0x00001918       0x18 release\s3eTapjoy_register.os
                0x00001918                s3eTapjoyGetError
 .text.RegisterExt
                0x00001930      0x178 release\s3eTapjoy_register.os
                0x00001930                RegisterExt
 *(.gnu.warning)
 *(.glue_7t)
 .glue_7t       0x00000000        0x0 linker stubs
 *(.glue_7)
 .glue_7        0x00000000        0x0 linker stubs
 *(.vfp11_veneer)
 .vfp11_veneer  0x00000000        0x0 linker stubs
 *(.v4_bx)
 .v4_bx         0x00000000        0x0 linker stubs

.fini
 *(.fini)
                0x00001aa8                PROVIDE (__etext, .)
                0x00001aa8                PROVIDE (_etext, .)
                0x00001aa8                PROVIDE (etext, .)

.rodata         0x00001aa8      0x338
 *(.rodata .rodata.* .gnu.linkonce.r.*)
 .rodata        0x00001aa8       0x30 release\s3eTapjoy_platform.os
 .rodata.str1.4
                0x00001ad8      0x308 release\s3eTapjoy_platform.os
 .rodata.str1.4
                0x00000000        0xc release\s3eTapjoy_register.os

.rodata1
 *(.rodata1)

.ARM.extab      0x00001de0      0x138
 *(.ARM.extab* .gnu.linkonce.armextab.*)
 .ARM.extab.text._ZN7_JNIEnv11GetMethodIDEP7_jclassPKcS3_
                0x00001de0        0xc release\s3eTapjoy_platform.os
 .ARM.extab.text._ZN7_JNIEnv13CallIntMethodEP8_jobjectP10_jmethodIDz
                0x00001dec        0xc release\s3eTapjoy_platform.os
 .ARM.extab.text._ZN7_JNIEnv14CallVoidMethodEP8_jobjectP10_jmethodIDz
                0x00001df8        0xc release\s3eTapjoy_platform.os
 .ARM.extab.text._ZN7_JNIEnv9NewObjectEP7_jclassP10_jmethodIDz
                0x00001e04        0xc release\s3eTapjoy_platform.os
 .ARM.extab.text.TapjoySetDisplayAdView
                0x00001e10        0xc release\s3eTapjoy.os
 .ARM.extab.text.TapjoyGetDisplayAd
                0x00001e1c        0xc release\s3eTapjoy.os
 .ARM.extab.text.TapjoySetUserDefinedColor
                0x00001e28        0xc release\s3eTapjoy.os
 .ARM.extab.text.TapjoySetOffersNavBarImage
                0x00001e34        0xc release\s3eTapjoy.os
 .ARM.extab.text.TapjoySetTransitionEffect
                0x00001e40        0xc release\s3eTapjoy.os
 .ARM.extab.text.TapjoySetFeaturedAppDisplayCount
                0x00001e4c        0xc release\s3eTapjoy.os
 .ARM.extab.text.TapjoyShowFeaturedAppFullScreenAd
                0x00001e58        0xc release\s3eTapjoy.os
 .ARM.extab.text.TapjoyGetFeaturedApp
                0x00001e64        0xc release\s3eTapjoy.os
 .ARM.extab.text.TapjoyGetAvailableItem
                0x00001e70        0xc release\s3eTapjoy.os
 .ARM.extab.text.TapjoyGetPurchasedItem
                0x00001e7c        0xc release\s3eTapjoy.os
 .ARM.extab.text.TapjoyShowVirtualGoods
                0x00001e88        0xc release\s3eTapjoy.os
 .ARM.extab.text.TapjoyAwardTapPoints
                0x00001e94        0xc release\s3eTapjoy.os
 .ARM.extab.text.TapjoySpendTapPoints
                0x00001ea0        0xc release\s3eTapjoy.os
 .ARM.extab.text.TapjoyGetTapPoints
                0x00001eac        0xc release\s3eTapjoy.os
 .ARM.extab.text.TapjoyShowOffersWithCurrenyID
                0x00001eb8        0xc release\s3eTapjoy.os
 .ARM.extab.text.TapjoyShowOffers
                0x00001ec4        0xc release\s3eTapjoy.os
 .ARM.extab.text.TapjoySetUserID
                0x00001ed0        0xc release\s3eTapjoy.os
 .ARM.extab.text.TapjoyActionComplete
                0x00001edc        0xc release\s3eTapjoy.os
 .ARM.extab.text.TapjoyRequestConnect
                0x00001ee8        0xc release\s3eTapjoy.os
 .ARM.extab.text._Z18s3eTapjoyTerminatev
                0x00001ef4        0xc release\s3eTapjoy.os
 .ARM.extab.text._Z13s3eTapjoyInitv
                0x00001f00        0xc release\s3eTapjoy.os
 .ARM.extab.text.s3eTapjoyGetError
                0x00001f0c        0xc release\s3eTapjoy_register.os
                0x00001f18                PROVIDE (__exidx_start, .)

.ARM.exidx      0x00001f18      0x180
 *(.ARM.exidx* .gnu.linkonce.armexidx.*)
 .ARM.exidx.text._ZN7_JNIEnv11GetMethodIDEP7_jclassPKcS3_
                0x00001f18        0x8 release\s3eTapjoy_platform.os
 .ARM.exidx.text._Z27s3eTapjoyTerminate_platformv
                0x00001f20        0x8 release\s3eTapjoy_platform.os
 .ARM.exidx.text._ZN7_JNIEnv13CallIntMethodEP8_jobjectP10_jmethodIDz
                0x00001f28        0x8 release\s3eTapjoy_platform.os
 .ARM.exidx.text._ZN7_JNIEnv14CallVoidMethodEP8_jobjectP10_jmethodIDz
                0x00001f30        0x8 release\s3eTapjoy_platform.os
 .ARM.exidx.text._ZN7_JNIEnv9NewObjectEP7_jclassP10_jmethodIDz
                0x00001f38        0x8 release\s3eTapjoy_platform.os
 .ARM.exidx.text._Z29TapjoyGetFeaturedApp_platformPFiP26TapjoyGetFeaturedAppResultPvES1_
                0x00001f40        0x8 release\s3eTapjoy_platform.os
 .ARM.exidx.text._ZL19FeaturedAppCallbackP7_JNIEnvP8_jobjectS2_
                0x00001f48        0x8 release\s3eTapjoy_platform.os
 .ARM.exidx.text._ZL22AwardTapPointsCallbackP7_JNIEnvP8_jobjecti
                0x00001f50        0x8 release\s3eTapjoy_platform.os
 .ARM.exidx.text._ZL22SpendTapPointsCallbackP7_JNIEnvP8_jobjecti
                0x00001f58        0x0 release\s3eTapjoy_platform.os
                                  0x8 (size before relaxing)
 .ARM.exidx.text._ZL20GetTapPointsCallbackP7_JNIEnvP8_jobjecti
                0x00001f58        0x0 release\s3eTapjoy_platform.os
                                  0x8 (size before relaxing)
 .ARM.exidx.text._ZL27s3eEdkAndroidFindClass_realPKc
                0x00001f58        0x8 release\s3eTapjoy_platform.os
 .ARM.exidx.text._Z31TapjoySetDisplayAdView_platformiiii
                0x00001f60        0x8 release\s3eTapjoy_platform.os
 .ARM.exidx.text._Z27TapjoyGetDisplayAd_platformPKchPFiP24TapjoyGetDisplayAdResultPvES3_
                0x00001f68        0x8 release\s3eTapjoy_platform.os
 .ARM.exidx.text._Z29TapjoyAwardTapPoints_platformiPFiP26TapjoyAwardTapPointsResultPvES1_
                0x00001f70        0x0 release\s3eTapjoy_platform.os
                                  0x8 (size before relaxing)
 .ARM.exidx.text._Z29TapjoySpendTapPoints_platformiPFiP26TapjoySpendTapPointsResultPvES1_
                0x00001f70        0x0 release\s3eTapjoy_platform.os
                                  0x8 (size before relaxing)
 .ARM.exidx.text._Z27TapjoyGetTapPoints_platformPFiP24TapjoyGetTapPointsResultPvES1_
                0x00001f70        0x8 release\s3eTapjoy_platform.os
 .ARM.exidx.text._Z22s3eTapjoyInit_platformv
                0x00001f78        0x8 release\s3eTapjoy_platform.os
 .ARM.exidx.text._Z34TapjoySetUserDefinedColor_platformi
                0x00001f80        0x8 release\s3eTapjoy_platform.os
 .ARM.exidx.text._Z35TapjoySetOffersNavBarImage_platformPKc
                0x00001f88        0x8 release\s3eTapjoy_platform.os
 .ARM.exidx.text._Z34TapjoySetTransitionEffect_platformi
                0x00001f90        0x8 release\s3eTapjoy_platform.os
 .ARM.exidx.text._Z41TapjoySetFeaturedAppDisplayCount_platformi
                0x00001f98        0x0 release\s3eTapjoy_platform.os
                                  0x8 (size before relaxing)
 .ARM.exidx.text._Z42TapjoyShowFeaturedAppFullScreenAd_platformv
                0x00001f98        0x8 release\s3eTapjoy_platform.os
 .ARM.exidx.text._Z31TapjoyShowVirtualGoods_platformv
                0x00001fa0        0x0 release\s3eTapjoy_platform.os
                                  0x8 (size before relaxing)
 .ARM.exidx.text._Z38TapjoyShowOffersWithCurrenyID_platformPKch
                0x00001fa0        0x8 release\s3eTapjoy_platform.os
 .ARM.exidx.text._Z25TapjoyShowOffers_platformv
                0x00001fa8        0x8 release\s3eTapjoy_platform.os
 .ARM.exidx.text._Z24TapjoySetUserID_platformPKc
                0x00001fb0        0x8 release\s3eTapjoy_platform.os
 .ARM.exidx.text._Z29TapjoyActionComplete_platformPKc
                0x00001fb8        0x0 release\s3eTapjoy_platform.os
                                  0x8 (size before relaxing)
 .ARM.exidx.text._Z29TapjoyRequestConnect_platformPKcS0_
                0x00001fb8        0x8 release\s3eTapjoy_platform.os
 .ARM.exidx.text._Z31TapjoyGetAvailableItem_platformi
                0x00001fc0        0x8 release\s3eTapjoy_platform.os
 .ARM.exidx.text._Z31TapjoyGetPurchasedItem_platformi
                0x00001fc8        0x0 release\s3eTapjoy_platform.os
                                  0x8 (size before relaxing)
 .ARM.exidx.text.TapjoySetDisplayAdView
                0x00001fc8        0x8 release\s3eTapjoy.os
 .ARM.exidx.text.TapjoyGetDisplayAd
                0x00001fd0        0x8 release\s3eTapjoy.os
 .ARM.exidx.text.TapjoySetUserDefinedColor
                0x00001fd8        0x8 release\s3eTapjoy.os
 .ARM.exidx.text.TapjoySetOffersNavBarImage
                0x00001fe0        0x8 release\s3eTapjoy.os
 .ARM.exidx.text.TapjoySetTransitionEffect
                0x00001fe8        0x8 release\s3eTapjoy.os
 .ARM.exidx.text.TapjoySetFeaturedAppDisplayCount
                0x00001ff0        0x8 release\s3eTapjoy.os
 .ARM.exidx.text.TapjoyShowFeaturedAppFullScreenAd
                0x00001ff8        0x8 release\s3eTapjoy.os
 .ARM.exidx.text.TapjoyGetFeaturedApp
                0x00002000        0x8 release\s3eTapjoy.os
 .ARM.exidx.text.TapjoyGetAvailableItem
                0x00002008        0x8 release\s3eTapjoy.os
 .ARM.exidx.text.TapjoyGetPurchasedItem
                0x00002010        0x8 release\s3eTapjoy.os
 .ARM.exidx.text.TapjoyShowVirtualGoods
                0x00002018        0x8 release\s3eTapjoy.os
 .ARM.exidx.text.TapjoyAwardTapPoints
                0x00002020        0x8 release\s3eTapjoy.os
 .ARM.exidx.text.TapjoySpendTapPoints
                0x00002028        0x8 release\s3eTapjoy.os
 .ARM.exidx.text.TapjoyGetTapPoints
                0x00002030        0x8 release\s3eTapjoy.os
 .ARM.exidx.text.TapjoyShowOffersWithCurrenyID
                0x00002038        0x8 release\s3eTapjoy.os
 .ARM.exidx.text.TapjoyShowOffers
                0x00002040        0x8 release\s3eTapjoy.os
 .ARM.exidx.text.TapjoySetUserID
                0x00002048        0x8 release\s3eTapjoy.os
 .ARM.exidx.text.TapjoyActionComplete
                0x00002050        0x8 release\s3eTapjoy.os
 .ARM.exidx.text.TapjoyRequestConnect
                0x00002058        0x8 release\s3eTapjoy.os
 .ARM.exidx.text._Z18s3eTapjoyTerminatev
                0x00002060        0x8 release\s3eTapjoy.os
 .ARM.exidx.text._Z13s3eTapjoyInitv
                0x00002068        0x8 release\s3eTapjoy.os
 .ARM.exidx.text.s3eTapjoyGetErrorString
                0x00002070        0x8 release\s3eTapjoy_register.os
 .ARM.exidx.text.s3eTapjoyUnRegister
                0x00002078        0x8 release\s3eTapjoy_register.os
 .ARM.exidx.text.s3eTapjoyRegister
                0x00002080        0x0 release\s3eTapjoy_register.os
                                  0x8 (size before relaxing)
 .ARM.exidx.text.s3eTapjoyGetError
                0x00002080        0x8 release\s3eTapjoy_register.os
 .ARM.exidx.text.RegisterExt
                0x00002088       0x10 release\s3eTapjoy_register.os
                                  0x8 (size before relaxing)
                0x00002098                PROVIDE (__exidx_end, .)

.eh_frame_hdr
 *(.eh_frame_hdr)

.eh_frame
 *(.eh_frame)

.gcc_except_table
 *(.gcc_except_table .gcc_except_table.*)
                0x00002098                . = (ALIGN (0x8000) - ((0x8000 - .) & 0x7fff))
                0x0000a098                . = (0x8000 DATA_SEGMENT_ALIGN 0x1000)

.eh_frame
 *(.eh_frame)

.gcc_except_table
 *(.gcc_except_table .gcc_except_table.*)

.tdata
 *(.tdata .tdata.* .gnu.linkonce.td.*)

.tbss
 *(.tbss .tbss.* .gnu.linkonce.tb.*)
 *(.tcommon)

.preinit_array
 *(.preinit_array)

.init_array
 *(SORT(.init_array.*))
 *(.init_array)

.fini_array
 *(SORT(.fini_array.*))
 *(.fini_array)

.ctors
 *crtbegin.o(.ctors)
 *crtbegin?.o(.ctors)
 *(EXCLUDE_FILE(*crtend?.o *crtend.o) .ctors)
 *(SORT(.ctors.*))
 *(.ctors)

.dtors
 *crtbegin.o(.dtors)
 *crtbegin?.o(.dtors)
 *(EXCLUDE_FILE(*crtend?.o *crtend.o) .dtors)
 *(SORT(.dtors.*))
 *(.dtors)

.jcr
 *(.jcr)

.data.rel.ro
 *(.data.rel.ro.local* .gnu.linkonce.d.rel.ro.local.*)
 *(.data.rel.ro* .gnu.linkonce.d.rel.ro.*)

.dynamic        0x0000a098       0xb0
 *(.dynamic)
 .dynamic       0x0000a098       0xb0 release\s3eTapjoy_platform.os
                0x0000a098                _DYNAMIC
                0x0000a148                . = (. DATA_SEGMENT_RELRO_END 0x0)

.got            0x0000a148       0x2c
 *(.got.plt)
 .got.plt       0x0000a148       0x2c release\s3eTapjoy_platform.os
                0x0000a148                _GLOBAL_OFFSET_TABLE_
 *(.igot.plt)
 *(.got)
 .got           0x00000000        0x0 release\s3eTapjoy_platform.os
 *(.igot)

.data           0x0000a174        0x0
                0x0000a174                __data_start = .
 *(.data .data.* .gnu.linkonce.d.*)

.data1
 *(.data1)
                0x0000a174                _edata = .
                0x0000a174                PROVIDE (edata, .)
                0x0000a174                __bss_start = .
                0x0000a174                __bss_start__ = .

.bss            0x0000a174       0x58
 *(.dynbss)
 .dynbss        0x00000000        0x0 release\s3eTapjoy_platform.os
 *(.bss .bss.* .gnu.linkonce.b.*)
 .bss           0x0000a174       0x58 release\s3eTapjoy_platform.os
 *(COMMON)
                0x0000a1cc                . = ALIGN ((. != 0x0)?0x4:0x1)
                0x0000a1cc                _bss_end__ = .
                0x0000a1cc                __bss_end__ = .
                0x0000a1cc                . = ALIGN (0x4)
                0x0000a1cc                . = ALIGN (0x4)
                0x0000a1cc                __end__ = .
                0x0000a1cc                _end = .
                0x0000a1cc                PROVIDE (end, .)
                0x0000a1cc                . = DATA_SEGMENT_END (.)

.stab
 *(.stab)

.stabstr
 *(.stabstr)

.stab.excl
 *(.stab.excl)

.stab.exclstr
 *(.stab.exclstr)

.stab.index
 *(.stab.index)

.stab.indexstr
 *(.stab.indexstr)

.ARM.attributes
                0x00000000       0x2c
 .ARM.attributes
                0x00000000       0x2c release\s3eTapjoy_platform.os
 .ARM.attributes
                0x0000002c       0x2c release\s3eTapjoy.os
 .ARM.attributes
                0x00000058       0x2c release\s3eTapjoy_register.os

.comment        0x00000000       0x81
 *(.comment)
 .comment       0x00000000       0x2b release\s3eTapjoy_platform.os
 .comment       0x0000002b       0x2b release\s3eTapjoy.os
 .comment       0x00000056       0x2b release\s3eTapjoy_register.os

.debug
 *(.debug)

.line
 *(.line)

.debug_srcinfo
 *(.debug_srcinfo)

.debug_sfnames
 *(.debug_sfnames)

.debug_aranges
 *(.debug_aranges)

.debug_pubnames
 *(.debug_pubnames)

.debug_info
 *(.debug_info .gnu.linkonce.wi.*)

.debug_abbrev
 *(.debug_abbrev)

.debug_line
 *(.debug_line)

.debug_frame
 *(.debug_frame)

.debug_str
 *(.debug_str)

.debug_loc
 *(.debug_loc)

.debug_macinfo
 *(.debug_macinfo)

.debug_weaknames
 *(.debug_weaknames)

.debug_funcnames
 *(.debug_funcnames)

.debug_typenames
 *(.debug_typenames)

.debug_varnames
 *(.debug_varnames)

.debug_pubtypes
 *(.debug_pubtypes)

.debug_ranges
 *(.debug_ranges)

.gnu.attributes
 *(.gnu.attributes)

.note.gnu.arm.ident
 *(.note.gnu.arm.ident)

/DISCARD/
 *(.note.GNU-stack)
 *(.gnu_debuglink)
OUTPUT(C:\Users\rlezama\Desktop\Marmalade\TapjoyConnectAirplaySampleProj\s3eTapjoy\lib\android\libs3eTapjoy.so elf32-littlearm)
